[batch end-end] result dir: /home/fdse/alf/AgentBug-Smith/result/issue_1058_20260708T081526Z
[stats] session start (recording window for token usage)
[stats] GET https://api.forge.tensorblock.co/v1/stats/?provider=tuzi-kimi-k2.5&model=kimi-k2.5
[stats] saved /home/fdse/alf/AgentBug-Smith/result/issue_1058_20260708T081526Z/agentsmith_stat.json
[stats] snapshot (optional): []...
[1;36m
========== git clone ==========[0m
[34m---------- running git ----------[0m
[32m[repo] clone finished[0m
[1;36m================================
[0m
Detected Language: Python
git fetch f44b10fcf8d88b2be1cb4474598bf5875242d21d failed:
fatal: unable to access 'https://github.com/agentscope-ai/agentscope.git/': gnutls_handshake() failed: The TLS connection was non-properly terminated.
fatal: unable to access 'https://github.com/agentscope-ai/agentscope.git/': gnutls_handshake() failed: The TLS connection was non-properly terminated.
[stats] session end (aggregating Forge usage for this window)
[stats] GET https://api.forge.tensorblock.co/v1/statistic/usage/realtime?provider_name=tuzi-kimi-k2.5&model_name=kimi-k2.5&started_a...
[stats] no usage rows returned for this time range (check API key / model names).
[stats] saved /home/fdse/alf/AgentBug-Smith/result/issue_1058_20260708T081526Z/agentsmith_stat.json
------------------------------
Pipeline Execution Complete.
Total Duration: 0:01:15 (75.46 seconds)
------------------------------
